../Drivers/lvgl/src/hal/lv_hal_disp.c:682:13:set_px_true_color_alpha	36	static
../Drivers/lvgl/src/hal/lv_hal_disp.c:605:31:invalidate_layout_cb	8	static
../Drivers/lvgl/src/hal/lv_hal_disp.c:668:13:set_px_alpha_generic	32	static
../Drivers/lvgl/src/hal/lv_hal_disp.c:654:13:set_px_cb_alpha8	32	static
../Drivers/lvgl/src/hal/lv_hal_disp.c:640:13:set_px_cb_alpha4	32	static
../Drivers/lvgl/src/hal/lv_hal_disp.c:626:13:set_px_cb_alpha2	32	static
../Drivers/lvgl/src/hal/lv_hal_disp.c:612:13:set_px_cb_alpha1	32	static
../Drivers/lvgl/src/hal/lv_hal_disp.c:83:6:lv_disp_drv_init	8	static
../Drivers/lvgl/src/hal/lv_hal_disp.c:146:6:lv_disp_draw_buf_init	24	static
../Drivers/lvgl/src/hal/lv_hal_disp.c:162:13:lv_disp_drv_register	24	static
../Drivers/lvgl/src/hal/lv_hal_disp.c:285:6:lv_disp_remove	24	static
../Drivers/lvgl/src/hal/lv_hal_disp.c:325:6:lv_disp_set_default	0	static
../Drivers/lvgl/src/hal/lv_hal_disp.c:334:13:lv_disp_get_default	0	static
../Drivers/lvgl/src/hal/lv_hal_disp.c:344:12:lv_disp_get_hor_res	0	static
../Drivers/lvgl/src/hal/lv_hal_disp.c:367:12:lv_disp_get_ver_res	0	static
../Drivers/lvgl/src/hal/lv_hal_disp.c:244:6:lv_disp_drv_update	32	static
../Drivers/lvgl/src/hal/lv_hal_disp.c:390:12:lv_disp_get_physical_hor_res	0	static
../Drivers/lvgl/src/hal/lv_hal_disp.c:413:12:lv_disp_get_physical_ver_res	0	static
../Drivers/lvgl/src/hal/lv_hal_disp.c:436:12:lv_disp_get_offset_x	8	static
../Drivers/lvgl/src/hal/lv_hal_disp.c:462:12:lv_disp_get_offset_y	8	static
../Drivers/lvgl/src/hal/lv_hal_disp.c:488:6:lv_disp_get_antialiasing	0	static
../Drivers/lvgl/src/hal/lv_hal_disp.c:501:12:lv_disp_get_dpi	0	static
../Drivers/lvgl/src/hal/lv_hal_disp.c:512:31:lv_disp_flush_ready	0	static
../Drivers/lvgl/src/hal/lv_hal_disp.c:524:31:lv_disp_flush_is_last	0	static
../Drivers/lvgl/src/hal/lv_hal_disp.c:534:13:lv_disp_get_next	0	static
../Drivers/lvgl/src/hal/lv_hal_disp.c:547:22:lv_disp_get_draw_buf	0	static
../Drivers/lvgl/src/hal/lv_hal_disp.c:557:6:lv_disp_set_rotation	0	static
../Drivers/lvgl/src/hal/lv_hal_disp.c:571:15:lv_disp_get_rotation	0	static
../Drivers/lvgl/src/hal/lv_hal_disp.c:578:6:lv_disp_drv_use_generic_set_px_cb	0	static
