../Drivers/lvgl/src/core/lv_refr.c:1229:13:call_flush_cb	24	static
../Drivers/lvgl/src/core/lv_refr.c:721:19:lv_refr_get_top_obj	24	static
../Drivers/lvgl/src/core/lv_refr.c:102:6:_lv_refr_init	0	static
../Drivers/lvgl/src/core/lv_refr.c:129:6:lv_obj_redraw	56	static
../Drivers/lvgl/src/core/lv_refr.c:882:6:refr_obj	112	static
../Drivers/lvgl/src/core/lv_refr.c:761:13:refr_obj_and_children	32	static
../Drivers/lvgl/src/core/lv_refr.c:612:13:refr_area_part	192	static
../Drivers/lvgl/src/core/lv_refr.c:205:6:_lv_inv_area	32	static
../Drivers/lvgl/src/core/lv_refr.c:266:13:_lv_refr_get_disp_refreshing	0	static
../Drivers/lvgl/src/core/lv_refr.c:277:6:_lv_refr_set_disp_refreshing	0	static
../Drivers/lvgl/src/core/lv_refr.c:286:6:_lv_disp_refr_timer	96	static
../Drivers/lvgl/src/core/lv_refr.c:112:6:lv_refr_now	8	static
