../Drivers/lvgl/src/extra/widgets/spinbox/lv_spinbox.c:440:13:lv_spinbox_updatevalue	72	static
../Drivers/lvgl/src/extra/widgets/spinbox/lv_spinbox.c:320:13:lv_spinbox_constructor	8	static
../Drivers/lvgl/src/extra/widgets/spinbox/lv_spinbox.c:50:12:lv_spinbox_create	8	static
../Drivers/lvgl/src/extra/widgets/spinbox/lv_spinbox.c:67:6:lv_spinbox_set_value	0	static
../Drivers/lvgl/src/extra/widgets/spinbox/lv_spinbox.c:85:6:lv_spinbox_set_rollover	0	static
../Drivers/lvgl/src/extra/widgets/spinbox/lv_spinbox.c:100:6:lv_spinbox_set_digit_format	24	static
../Drivers/lvgl/src/extra/widgets/spinbox/lv_spinbox.c:126:6:lv_spinbox_set_step	0	static
../Drivers/lvgl/src/extra/widgets/spinbox/lv_spinbox.c:141:6:lv_spinbox_set_range	0	static
../Drivers/lvgl/src/extra/widgets/spinbox/lv_spinbox.c:160:6:lv_spinbox_set_cursor_pos	24	static
../Drivers/lvgl/src/extra/widgets/spinbox/lv_spinbox.c:178:6:lv_spinbox_set_digit_step_direction	0	static
../Drivers/lvgl/src/extra/widgets/spinbox/lv_spinbox.c:195:9:lv_spinbox_get_value	0	static
../Drivers/lvgl/src/extra/widgets/spinbox/lv_spinbox.c:207:9:lv_spinbox_get_step	0	static
../Drivers/lvgl/src/extra/widgets/spinbox/lv_spinbox.c:223:6:lv_spinbox_step_next	0	static
../Drivers/lvgl/src/extra/widgets/spinbox/lv_spinbox.c:241:6:lv_spinbox_step_prev	0	static
../Drivers/lvgl/src/extra/widgets/spinbox/lv_spinbox.c:257:6:lv_spinbox_get_rollover	0	static
../Drivers/lvgl/src/extra/widgets/spinbox/lv_spinbox.c:269:6:lv_spinbox_increment	4	static
../Drivers/lvgl/src/extra/widgets/spinbox/lv_spinbox.c:295:6:lv_spinbox_decrement	4	static
../Drivers/lvgl/src/extra/widgets/spinbox/lv_spinbox.c:345:13:lv_spinbox_event	24	static
