../Drivers/lvgl/src/widgets/lv_btnmatrix.c:374:13:lv_btnmatrix_destructor	8	static
../Drivers/lvgl/src/widgets/../core/lv_obj_style_gen.h:133:26:lv_obj_get_style_pad_column.constprop	8	static
../Drivers/lvgl/src/widgets/lv_btnmatrix.c:93:6:lv_btnmatrix_set_map.part.0	112	static
../Drivers/lvgl/src/widgets/lv_btnmatrix.c:356:13:lv_btnmatrix_constructor	0	static
../Drivers/lvgl/src/widgets/lv_btnmatrix.c:646:13:draw_main	344	static
../Drivers/lvgl/src/widgets/lv_btnmatrix.c:916:17:get_button_from_point	88	static
../Drivers/lvgl/src/widgets/lv_btnmatrix.c:969:13:invalidate_button_area	40	static
../Drivers/lvgl/src/widgets/lv_btnmatrix.c:81:12:lv_btnmatrix_create	8	static
../Drivers/lvgl/src/widgets/lv_btnmatrix.c:93:6:lv_btnmatrix_set_map	0	static
../Drivers/lvgl/src/widgets/lv_btnmatrix.c:184:6:lv_btnmatrix_set_ctrl_map	8	static
../Drivers/lvgl/src/widgets/lv_btnmatrix.c:194:6:lv_btnmatrix_set_selected_btn	16	static
../Drivers/lvgl/src/widgets/lv_btnmatrix.c:227:6:lv_btnmatrix_clear_btn_ctrl	16	static
../Drivers/lvgl/src/widgets/lv_btnmatrix.c:254:6:lv_btnmatrix_clear_btn_ctrl_all	16	static
../Drivers/lvgl/src/widgets/lv_btnmatrix.c:207:6:lv_btnmatrix_set_btn_ctrl	16	static
../Drivers/lvgl/src/widgets/lv_btnmatrix.c:243:6:lv_btnmatrix_set_btn_ctrl_all	16	static
../Drivers/lvgl/src/widgets/lv_btnmatrix.c:265:6:lv_btnmatrix_set_btn_width	8	static
../Drivers/lvgl/src/widgets/lv_btnmatrix.c:292:15:lv_btnmatrix_get_map	0	static
../Drivers/lvgl/src/widgets/lv_btnmatrix.c:300:10:lv_btnmatrix_get_selected_btn	0	static
../Drivers/lvgl/src/widgets/lv_btnmatrix.c:308:14:lv_btnmatrix_get_btn_text	32	static
../Drivers/lvgl/src/widgets/lv_btnmatrix.c:333:6:lv_btnmatrix_has_btn_ctrl	0	static
../Drivers/lvgl/src/widgets/lv_btnmatrix.c:1012:13:make_one_button_checked	16	static
../Drivers/lvgl/src/widgets/lv_btnmatrix.c:386:13:lv_btnmatrix_event	40	static
../Drivers/lvgl/src/widgets/lv_btnmatrix.c:277:6:lv_btnmatrix_set_one_checked	0	static
../Drivers/lvgl/src/widgets/lv_btnmatrix.c:343:6:lv_btnmatrix_get_one_checked	0	static
