../Drivers/lvgl/src/widgets/lv_img.c:423:19:lv_img_get_transformed_size	32	static
../Drivers/lvgl/src/widgets/lv_img.c:385:13:lv_img_constructor	16	static
../Drivers/lvgl/src/widgets/lv_img.c:412:13:lv_img_destructor	8	static
../Drivers/lvgl/src/widgets/lv_img.c:58:12:lv_img_create	8	static
../Drivers/lvgl/src/widgets/lv_img.c:70:6:lv_img_set_src	56	static
../Drivers/lvgl/src/widgets/lv_img.c:437:13:lv_img_event	136	static
../Drivers/lvgl/src/widgets/lv_img.c:163:6:lv_img_set_offset_x	0	static
../Drivers/lvgl/src/widgets/lv_img.c:173:6:lv_img_set_offset_y	0	static
../Drivers/lvgl/src/widgets/lv_img.c:183:6:lv_img_set_angle	48	static
../Drivers/lvgl/src/widgets/lv_img.c:219:6:lv_img_set_pivot	48	static
../Drivers/lvgl/src/widgets/lv_img.c:253:6:lv_img_set_zoom	48	static
../Drivers/lvgl/src/widgets/lv_img.c:288:6:lv_img_set_antialias	0	static
../Drivers/lvgl/src/widgets/lv_img.c:297:6:lv_img_set_size_mode	4	static
../Drivers/lvgl/src/widgets/lv_img.c:311:14:lv_img_get_src	0	static
../Drivers/lvgl/src/widgets/lv_img.c:320:12:lv_img_get_offset_x	0	static
../Drivers/lvgl/src/widgets/lv_img.c:329:12:lv_img_get_offset_y	0	static
../Drivers/lvgl/src/widgets/lv_img.c:338:10:lv_img_get_angle	0	static
../Drivers/lvgl/src/widgets/lv_img.c:347:6:lv_img_get_pivot	0	static
../Drivers/lvgl/src/widgets/lv_img.c:356:10:lv_img_get_zoom	0	static
../Drivers/lvgl/src/widgets/lv_img.c:365:6:lv_img_get_antialias	0	static
../Drivers/lvgl/src/widgets/lv_img.c:374:20:lv_img_get_size_mode	0	static
