../Drivers/lvgl/src/widgets/lv_label.c:1248:13:lv_label_dot_tmp_free	8	static
../Drivers/lvgl/src/widgets/lv_label.c:724:13:lv_label_destructor	8	static
../Drivers/lvgl/src/widgets/lv_label.c:1266:13:set_ofs_y_anim	0	static
../Drivers/lvgl/src/widgets/lv_label.c:1259:13:set_ofs_x_anim	0	static
../Drivers/lvgl/src/widgets/lv_label.c:1172:13:lv_label_revert_dots	24	static
../Drivers/lvgl/src/widgets/../core/lv_obj_style_gen.h:475:26:lv_obj_get_style_text_line_space.constprop	8	static
../Drivers/lvgl/src/widgets/../core/lv_obj_style_gen.h:469:26:lv_obj_get_style_text_letter_space.constprop	8	static
../Drivers/lvgl/src/widgets/../core/lv_obj_style_gen.h:463:33:lv_obj_get_style_text_font.constprop	8	static
../Drivers/lvgl/src/widgets/../core/lv_obj_style_gen.h:1:26:lv_obj_get_style_width.constprop	8	static
../Drivers/lvgl/src/widgets/lv_label.c:400:10:lv_label_get_letter_on.part.0	104	static
../Drivers/lvgl/src/widgets/lv_label.c:895:13:lv_label_refr_text	152	static
../Drivers/lvgl/src/widgets/lv_label.c:734:13:lv_label_event	112	static
../Drivers/lvgl/src/widgets/lv_label.c:73:12:lv_label_create	8	static
../Drivers/lvgl/src/widgets/lv_label.c:85:6:lv_label_set_text	24	static
../Drivers/lvgl/src/widgets/lv_label.c:147:6:lv_label_set_text_fmt	28	static
../Drivers/lvgl/src/widgets/lv_label.c:175:6:lv_label_set_text_static	16	static
../Drivers/lvgl/src/widgets/lv_label.c:193:6:lv_label_set_long_mode	16	static
../Drivers/lvgl/src/widgets/lv_label.c:688:13:lv_label_constructor	16	static
../Drivers/lvgl/src/widgets/lv_label.c:219:6:lv_label_set_recolor	4	static
../Drivers/lvgl/src/widgets/lv_label.c:232:6:lv_label_set_text_sel_start	0	static
../Drivers/lvgl/src/widgets/lv_label.c:246:6:lv_label_set_text_sel_end	0	static
../Drivers/lvgl/src/widgets/lv_label.c:264:8:lv_label_get_text	0	static
../Drivers/lvgl/src/widgets/lv_label.c:271:22:lv_label_get_long_mode	0	static
../Drivers/lvgl/src/widgets/lv_label.c:278:6:lv_label_get_recolor	0	static
../Drivers/lvgl/src/widgets/lv_label.c:286:6:lv_label_get_letter_pos	88	static
../Drivers/lvgl/src/widgets/lv_label.c:400:10:lv_label_get_letter_on	0	static
../Drivers/lvgl/src/widgets/lv_label.c:524:6:lv_label_is_char_under_pos	96	static
../Drivers/lvgl/src/widgets/lv_label.c:607:10:lv_label_get_text_selection_start	0	static
../Drivers/lvgl/src/widgets/lv_label.c:621:10:lv_label_get_text_selection_end	0	static
../Drivers/lvgl/src/widgets/lv_label.c:638:6:lv_label_ins_text	24	static
../Drivers/lvgl/src/widgets/lv_label.c:666:6:lv_label_cut_text	16	static
