../Drivers/lvgl/src/widgets/lv_textarea.c:954:13:pwd_char_hider_anim	0	static
../Drivers/lvgl/src/widgets/lv_textarea.c:842:13:lv_textarea_destructor	8	static
../Drivers/lvgl/src/widgets/lv_textarea.c:932:13:cursor_blink_anim_cb	32	static
../Drivers/lvgl/src/widgets/lv_textarea.c:1029:13:start_cursor_blink	88	static
../Drivers/lvgl/src/widgets/../core/lv_obj_style_gen.h:463:33:lv_obj_get_style_text_font.constprop	8	static
../Drivers/lvgl/src/widgets/lv_textarea.c:1051:13:refr_cursor_area	72	static
../Drivers/lvgl/src/widgets/lv_textarea.c:912:13:label_event_cb	16	static
../Drivers/lvgl/src/widgets/lv_textarea.c:88:12:lv_textarea_create	8	static
../Drivers/lvgl/src/widgets/lv_textarea.c:315:6:lv_textarea_set_placeholder_text	16	static
../Drivers/lvgl/src/widgets/lv_textarea.c:344:6:lv_textarea_set_cursor_pos	32	static
../Drivers/lvgl/src/widgets/lv_textarea.c:805:13:lv_textarea_constructor	16	static
../Drivers/lvgl/src/widgets/lv_textarea.c:396:6:lv_textarea_set_cursor_click_pos	0	static
../Drivers/lvgl/src/widgets/lv_textarea.c:438:6:lv_textarea_set_password_bullet	16	static
../Drivers/lvgl/src/widgets/lv_textarea.c:468:6:lv_textarea_set_one_line	24	static
../Drivers/lvgl/src/widgets/lv_textarea.c:492:6:lv_textarea_set_accepted_chars	0	static
../Drivers/lvgl/src/widgets/lv_textarea.c:501:6:lv_textarea_set_max_length	0	static
../Drivers/lvgl/src/widgets/lv_textarea.c:510:6:lv_textarea_set_insert_replace	0	static
../Drivers/lvgl/src/widgets/lv_textarea.c:534:6:lv_textarea_set_password_show_time	0	static
../Drivers/lvgl/src/widgets/lv_textarea.c:542:6:lv_textarea_set_align	16	static
../Drivers/lvgl/src/widgets/lv_textarea.c:565:14:lv_textarea_get_text	0	static
../Drivers/lvgl/src/widgets/lv_textarea.c:582:14:lv_textarea_get_placeholder_text	0	static
../Drivers/lvgl/src/widgets/lv_textarea.c:591:12:lv_textarea_get_label	0	static
../Drivers/lvgl/src/widgets/lv_textarea.c:599:10:lv_textarea_get_cursor_pos	0	static
../Drivers/lvgl/src/widgets/lv_textarea.c:607:6:lv_textarea_get_cursor_click_pos	0	static
../Drivers/lvgl/src/widgets/lv_textarea.c:615:6:lv_textarea_get_password_mode	0	static
../Drivers/lvgl/src/widgets/lv_textarea.c:623:14:lv_textarea_get_password_bullet	24	static
../Drivers/lvgl/src/widgets/lv_textarea.c:974:13:pwd_char_hider	40	static
../Drivers/lvgl/src/widgets/lv_textarea.c:1341:13:auto_hide_characters	80	static
../Drivers/lvgl/src/widgets/lv_textarea.c:964:13:pwd_char_hider_anim_ready	0	static
../Drivers/lvgl/src/widgets/lv_textarea.c:640:6:lv_textarea_get_one_line	0	static
../Drivers/lvgl/src/widgets/lv_textarea.c:648:14:lv_textarea_get_accepted_chars	0	static
../Drivers/lvgl/src/widgets/lv_textarea.c:657:10:lv_textarea_get_max_length	0	static
../Drivers/lvgl/src/widgets/lv_textarea.c:665:6:lv_textarea_text_is_selected	16	static
../Drivers/lvgl/src/widgets/lv_textarea.c:685:6:lv_textarea_get_text_selection	0	static
../Drivers/lvgl/src/widgets/lv_textarea.c:698:10:lv_textarea_get_password_show_time	0	static
../Drivers/lvgl/src/widgets/lv_textarea.c:711:6:lv_textarea_clear_selection	16	static
../Drivers/lvgl/src/widgets/lv_textarea.c:161:6:lv_textarea_add_text	32	static
../Drivers/lvgl/src/widgets/lv_textarea.c:1250:17:insert_handler	24	static
../Drivers/lvgl/src/widgets/lv_textarea.c:100:6:lv_textarea_add_char	48	static
../Drivers/lvgl/src/widgets/lv_textarea.c:211:6:lv_textarea_del_char	24	static
../Drivers/lvgl/src/widgets/lv_textarea.c:255:6:lv_textarea_del_char_forward	16	static
../Drivers/lvgl/src/widgets/lv_textarea.c:268:6:lv_textarea_set_text	32	static
../Drivers/lvgl/src/widgets/lv_textarea.c:404:6:lv_textarea_set_password_mode	24	static
../Drivers/lvgl/src/widgets/lv_textarea.c:518:6:lv_textarea_set_text_selection	0	static
../Drivers/lvgl/src/widgets/lv_textarea.c:728:6:lv_textarea_cursor_right	0	static
../Drivers/lvgl/src/widgets/lv_textarea.c:737:6:lv_textarea_cursor_left	0	static
../Drivers/lvgl/src/widgets/lv_textarea.c:748:6:lv_textarea_cursor_down	24	static
../Drivers/lvgl/src/widgets/lv_textarea.c:777:6:lv_textarea_cursor_up	24	static
../Drivers/lvgl/src/widgets/lv_textarea.c:861:13:lv_textarea_event	144	static
