../Drivers/lvgl/src/widgets/../core/lv_obj_style_gen.h:115:26:lv_obj_get_style_pad_left	8	static
../Drivers/lvgl/src/widgets/../core/lv_obj_style_gen.h:121:26:lv_obj_get_style_pad_right	8	static
../Drivers/lvgl/src/widgets/../core/lv_obj_style_gen.h:103:26:lv_obj_get_style_pad_top	8	static
../Drivers/lvgl/src/widgets/lv_table.c:834:19:get_row_height	104	static
../Drivers/lvgl/src/widgets/lv_table.c:437:13:lv_table_destructor	24	static
../Drivers/lvgl/src/widgets/lv_table.c:418:13:lv_table_constructor	8	static
../Drivers/lvgl/src/widgets/lv_table.c:976:13:get_cell_area	24	static
../Drivers/lvgl/src/widgets/lv_table.c:1012:13:scroll_to_selected_cell	24	static
../Drivers/lvgl/src/widgets/lv_table.c:773:13:refr_size_form_row.constprop	80	static
../Drivers/lvgl/src/widgets/lv_table.c:800:13:refr_cell_size	88	static
../Drivers/lvgl/src/widgets/lv_table.c:577:13:draw_main	408	static
../Drivers/lvgl/src/widgets/lv_table.c:455:13:lv_table_event	32	static
../Drivers/lvgl/src/widgets/lv_table.c:74:12:lv_table_create	8	static
../Drivers/lvgl/src/widgets/lv_table.c:186:6:lv_table_set_row_cnt	24	static
../Drivers/lvgl/src/widgets/lv_table.c:225:6:lv_table_set_col_cnt	64	static
../Drivers/lvgl/src/widgets/lv_table.c:86:6:lv_table_set_cell_value	40	static
../Drivers/lvgl/src/widgets/lv_table.c:115:6:lv_table_set_cell_value_fmt	44	static
../Drivers/lvgl/src/widgets/lv_table.c:281:6:lv_table_set_col_width	16	static
../Drivers/lvgl/src/widgets/lv_table.c:294:6:lv_table_add_cell_ctrl	24	static
../Drivers/lvgl/src/widgets/lv_table.c:318:6:lv_table_clear_cell_ctrl	24	static
../Drivers/lvgl/src/widgets/lv_table.c:346:14:lv_table_get_cell_value	0	static
../Drivers/lvgl/src/widgets/lv_table.c:362:10:lv_table_get_row_cnt	0	static
../Drivers/lvgl/src/widgets/lv_table.c:370:10:lv_table_get_col_cnt	0	static
../Drivers/lvgl/src/widgets/lv_table.c:378:12:lv_table_get_col_width	0	static
../Drivers/lvgl/src/widgets/lv_table.c:392:6:lv_table_has_cell_ctrl	8	static
../Drivers/lvgl/src/widgets/lv_table.c:407:6:lv_table_get_selected_cell	0	static
