../Drivers/lvgl/src/misc/lv_style.c:398:13:lv_style_set_prop_helper	0	static
../Drivers/lvgl/src/misc/lv_style.c:405:13:lv_style_set_prop_meta_helper	0	static
../Drivers/lvgl/src/misc/lv_style.c:150:6:lv_style_init	0	static
../Drivers/lvgl/src/misc/lv_style.c:164:6:lv_style_reset	8	static
../Drivers/lvgl/src/misc/lv_style.c:180:17:lv_style_register_prop	24	static
../Drivers/lvgl/src/misc/lv_style.c:216:17:lv_style_get_num_custom_props	0	static
../Drivers/lvgl/src/misc/lv_style.c:221:6:lv_style_remove_prop	24	static
../Drivers/lvgl/src/misc/lv_style.c:297:6:lv_style_transition_dsc_init	24	static
../Drivers/lvgl/src/misc/lv_style.c:312:18:lv_style_prop_get_default	0	static
../Drivers/lvgl/src/misc/lv_style.c:292:16:lv_style_get_prop	24	static
../Drivers/lvgl/src/misc/lv_style.c:365:6:lv_style_is_empty	0	static
../Drivers/lvgl/src/misc/lv_style.c:372:9:_lv_style_get_prop_group	0	static
../Drivers/lvgl/src/misc/lv_style.c:413:13:lv_style_set_prop_internal	32	static
../Drivers/lvgl/src/misc/lv_style.c:282:6:lv_style_set_prop	0	static
../Drivers/lvgl/src/misc/lv_style.c:287:6:lv_style_set_prop_meta	4	static
../Drivers/lvgl/src/misc/lv_style.c:379:9:_lv_style_prop_lookup_flags	0	static
