../Core/Src/oled.c:21:6:gram_clear	0	static
../Core/Src/oled.c:28:6:gram_draw_point_1	0	static
../Core/Src/oled.c:38:6:gram_draw_point_0	0	static
../Core/Src/oled.c:47:6:gram_draw_vline	16	static
../Core/Src/oled.c:53:6:gram_draw_vline_0	16	static
../Core/Src/oled.c:61:6:gram_draw_hline	16	static
../Core/Src/oled.c:67:6:gram_draw_hline_0	16	static
../Core/Src/oled.c:74:6:gram_draw_line	48	static
../Core/Src/oled.c:97:6:gram_set_vertical_bits	24	static
../Core/Src/oled.c:112:6:gram_draw_bmp	56	static
../Core/Src/oled.c:134:6:gram_draw_char_6x8	16	static
../Core/Src/oled.c:138:6:gram_draw_char_12x12	16	static
../Core/Src/oled.c:145:6:gram_draw_blank	40	static
../Core/Src/oled.c:167:6:gram_draw_char_10x10	16	static
../Core/Src/oled.c:171:6:gram_draw_char_08x10	16	static
../Core/Src/oled.c:176:6:gram_draw_num_string_12x12	32	static
../Core/Src/oled.c:186:6:gram_draw_num_string_12x12_blank	24	static
../Core/Src/oled.c:193:6:gram_draw_num_string_12x12_blinking	24	static
../Core/Src/oled.c:211:6:gram_draw_num_string_10x10_blank	24	static
../Core/Src/oled.c:236:6:gram_draw_num_string_10x10	32	static
../Core/Src/oled.c:218:6:gram_draw_num_string_10x10_blinking	24	static
../Core/Src/oled.c:243:6:gram_draw_num_string_08x10	24	static
../Core/Src/oled.c:250:6:gram_draw_slim_dot	16	static
../Core/Src/oled.c:254:6:gram_draw_num_string_08x10_slimdot	32	static
../Core/Src/oled.c:271:6:gram_draw_string_6x8	32	static
../Core/Src/oled.c:280:7:get_dx	16	static
../Core/Src/oled.c:291:7:get_dy	16	static
../Core/Src/oled.c:302:6:gram_draw_triangle	32	static
../Core/Src/oled.c:308:6:gram_draw_rectangle	24	static
../Core/Src/oled.c:315:6:gram_draw_rectangle_0	24	static
../Core/Src/oled.c:322:6:gram_draw_blank_rectangle	24	static
../Core/Src/oled.c:332:6:gram_draw_rectangle_no_outline	24	static
../Core/Src/oled.c:344:6:gram_draw_arc	64	static
../Core/Src/oled.c:357:6:gram_draw_arc_dash	40	static
../Core/Src/oled.c:363:6:gram_draw_degree_line	40	static
../Core/Src/oled.c:388:6:gram_draw_blinking_hline	16	static
../Core/Src/oled.c:410:6:gram_draw_blinking_rectangle	32	static
../Core/Src/oled.c:428:6:gram_draw_blinking_bmp	40	static
../Core/Src/oled.c:453:6:gram_draw_blinking_corners	40	static
../Core/Src/oled.c:526:6:OLED_WR_Byte	16	static
../Core/Src/oled.c:537:6:OLED_Set_Pos	8	static
../Core/Src/oled.c:512:6:oled_refresh	24	static
../Core/Src/oled.c:552:6:OLED_Display_On	8	static
../Core/Src/oled.c:558:6:OLED_Display_Off	8	static
../Core/Src/oled.c:564:6:OLED_Clear	8	static
../Core/Src/oled.c:582:6:OLED_ShowChar	16	static
../Core/Src/oled.c:604:6:OLED_DrawBMP	40	static
../Core/Src/oled.c:622:6:oled_turnoff_screen	0	static
../Core/Src/oled.c:630:6:OLED_SSD1306_Init	8	static
../Core/Src/oled.c:673:6:COG_ST7565_Init	8	static
