../Core/Src/stm32l4xx_hal_msp.c:63:6:HAL_MspInit	8	static
../Core/Src/stm32l4xx_hal_msp.c:87:6:HAL_ADC_MspInit	136	static
../Core/Src/stm32l4xx_hal_msp.c:138:6:HAL_ADC_MspDeInit	0	static
../Core/Src/stm32l4xx_hal_msp.c:166:6:HAL_I2C_MspInit	136	static
../Core/Src/stm32l4xx_hal_msp.c:212:6:HAL_I2C_MspDeInit	8	static
../Core/Src/stm32l4xx_hal_msp.c:243:6:HAL_SPI_MspInit	40	static
../Core/Src/stm32l4xx_hal_msp.c:279:6:HAL_SPI_MspDeInit	0	static
../Core/Src/stm32l4xx_hal_msp.c:308:6:HAL_UART_MspInit	136	static
../Core/Src/stm32l4xx_hal_msp.c:355:6:HAL_UART_MspDeInit	0	static
