../Drivers/lvgl/src/draw/lv_draw_mask.c:1521:46:mask_mix	0	static
../Drivers/lvgl/src/draw/lv_draw_mask.c:1216:49:lv_draw_mask_map	24	static
../Drivers/lvgl/src/draw/lv_draw_mask.c:596:49:lv_draw_mask_line	32	static
../Drivers/lvgl/src/draw/lv_draw_mask.c:914:49:lv_draw_mask_angle	40	static
../Drivers/lvgl/src/draw/lv_draw_mask.c:1053:49:lv_draw_mask_radius	40	static
../Drivers/lvgl/src/draw/lv_draw_mask.c:1170:49:lv_draw_mask_fade	24	static
../Drivers/lvgl/src/draw/lv_draw_mask.c:81:9:lv_draw_mask_add	16	static
../Drivers/lvgl/src/draw/lv_draw_mask.c:111:42:lv_draw_mask_apply	40	static
../Drivers/lvgl/src/draw/lv_draw_mask.c:145:42:lv_draw_mask_apply_ids	56	static
../Drivers/lvgl/src/draw/lv_draw_mask.c:171:8:lv_draw_mask_remove_id	0	static
../Drivers/lvgl/src/draw/lv_draw_mask.c:190:8:lv_draw_mask_remove_custom	24	static
../Drivers/lvgl/src/draw/lv_draw_mask.c:210:6:lv_draw_mask_free_param	8	static
../Drivers/lvgl/src/draw/lv_draw_mask.c:231:6:_lv_draw_mask_cleanup	16	static
../Drivers/lvgl/src/draw/lv_draw_mask.c:246:31:lv_draw_mask_get_cnt	0	static
../Drivers/lvgl/src/draw/lv_draw_mask.c:256:6:lv_draw_mask_is_any	16	static
../Drivers/lvgl/src/draw/lv_draw_mask.c:293:6:lv_draw_mask_line_points_init	32	static
../Drivers/lvgl/src/draw/lv_draw_mask.c:1250:49:lv_draw_mask_polygon	112	static
../Drivers/lvgl/src/draw/lv_draw_mask.c:387:6:lv_draw_mask_line_angle_init	32	static
../Drivers/lvgl/src/draw/lv_draw_mask.c:413:6:lv_draw_mask_angle_init	40	static
../Drivers/lvgl/src/draw/lv_draw_mask.c:474:6:lv_draw_mask_radius_init	120	static
../Drivers/lvgl/src/draw/lv_draw_mask.c:540:6:lv_draw_mask_fade_init	8	static
../Drivers/lvgl/src/draw/lv_draw_mask.c:559:6:lv_draw_mask_map_init	0	static
../Drivers/lvgl/src/draw/lv_draw_mask.c:567:6:lv_draw_mask_polygon_init	32	static
